Róbert_1	PROPN	Róbert	ROOT	root_0	None	None
kihívta_2	VERB	kihív	ROOT	root_0	None	None
Ákost_3	PROPN	Ákos	obj	kihívta_2	VERB	kihív
egy_4	DET	egy	det	futóversenyre_5	NOUN	futóverseny
futóversenyre_5	NOUN	futóverseny	obl	kihívta_2	VERB	kihív
._6	PUNCT	.	punct	kihívta_2	VERB	kihív

